// Jest Snapshot v1, https://goo.gl/fbAQLP

exports[`<NoPosts /> should match snapshot 1`] = `
<div
  class="no-posts"
>
  <p>
    NÃ£o existem posts.
  </p>
</div>
`;
